Archive member included to satisfy reference by file (symbol)

c:/program files/microchip/xc8/v3.10/avr/bin/../lib/gcc/avr/5.4.0/../../../../avr/lib/avr5\libm.a(addsf3.o)
                              build/default/debug/main.o (__addsf3)
c:/program files/microchip/xc8/v3.10/avr/bin/../lib/gcc/avr/5.4.0/../../../../avr/lib/avr5\libm.a(addsf3x.o)
                              c:/program files/microchip/xc8/v3.10/avr/bin/../lib/gcc/avr/5.4.0/../../../../avr/lib/avr5\libm.a(addsf3.o) (__addsf3x)
c:/program files/microchip/xc8/v3.10/avr/bin/../lib/gcc/avr/5.4.0/../../../../avr/lib/avr5\libm.a(cmpsf2.o)
                              build/default/debug/main.o (__ltsf2)
c:/program files/microchip/xc8/v3.10/avr/bin/../lib/gcc/avr/5.4.0/../../../../avr/lib/avr5\libm.a(fixsfsi.o)
                              build/default/debug/main.o (__fixsfsi)
c:/program files/microchip/xc8/v3.10/avr/bin/../lib/gcc/avr/5.4.0/../../../../avr/lib/avr5\libm.a(fixunssfsi.o)
                              build/default/debug/main.o (__fixunssfsi)
c:/program files/microchip/xc8/v3.10/avr/bin/../lib/gcc/avr/5.4.0/../../../../avr/lib/avr5\libm.a(floatsisf.o)
                              build/default/debug/main.o (__floatsisf)
c:/program files/microchip/xc8/v3.10/avr/bin/../lib/gcc/avr/5.4.0/../../../../avr/lib/avr5\libm.a(fp_cmp.o)
                              c:/program files/microchip/xc8/v3.10/avr/bin/../lib/gcc/avr/5.4.0/../../../../avr/lib/avr5\libm.a(cmpsf2.o) (__fp_cmp)
c:/program files/microchip/xc8/v3.10/avr/bin/../lib/gcc/avr/5.4.0/../../../../avr/lib/avr5\libm.a(fp_inf.o)
                              c:/program files/microchip/xc8/v3.10/avr/bin/../lib/gcc/avr/5.4.0/../../../../avr/lib/avr5\libm.a(addsf3x.o) (__fp_inf)
c:/program files/microchip/xc8/v3.10/avr/bin/../lib/gcc/avr/5.4.0/../../../../avr/lib/avr5\libm.a(fp_nan.o)
                              c:/program files/microchip/xc8/v3.10/avr/bin/../lib/gcc/avr/5.4.0/../../../../avr/lib/avr5\libm.a(addsf3x.o) (__fp_nan)
c:/program files/microchip/xc8/v3.10/avr/bin/../lib/gcc/avr/5.4.0/../../../../avr/lib/avr5\libm.a(fp_pscA.o)
                              c:/program files/microchip/xc8/v3.10/avr/bin/../lib/gcc/avr/5.4.0/../../../../avr/lib/avr5\libm.a(addsf3x.o) (__fp_pscA)
c:/program files/microchip/xc8/v3.10/avr/bin/../lib/gcc/avr/5.4.0/../../../../avr/lib/avr5\libm.a(fp_pscB.o)
                              c:/program files/microchip/xc8/v3.10/avr/bin/../lib/gcc/avr/5.4.0/../../../../avr/lib/avr5\libm.a(addsf3x.o) (__fp_pscB)
c:/program files/microchip/xc8/v3.10/avr/bin/../lib/gcc/avr/5.4.0/../../../../avr/lib/avr5\libm.a(fp_round.o)
                              c:/program files/microchip/xc8/v3.10/avr/bin/../lib/gcc/avr/5.4.0/../../../../avr/lib/avr5\libm.a(addsf3.o) (__fp_round)
c:/program files/microchip/xc8/v3.10/avr/bin/../lib/gcc/avr/5.4.0/../../../../avr/lib/avr5\libm.a(fp_split3.o)
                              c:/program files/microchip/xc8/v3.10/avr/bin/../lib/gcc/avr/5.4.0/../../../../avr/lib/avr5\libm.a(addsf3x.o) (__fp_split3)
c:/program files/microchip/xc8/v3.10/avr/bin/../lib/gcc/avr/5.4.0/../../../../avr/lib/avr5\libm.a(fp_zero.o)
                              c:/program files/microchip/xc8/v3.10/avr/bin/../lib/gcc/avr/5.4.0/../../../../avr/lib/avr5\libm.a(addsf3x.o) (__fp_zero)
c:/program files/microchip/xc8/v3.10/avr/bin/../lib/gcc/avr/5.4.0/../../../../avr/lib/avr5\libm.a(gesf2.o)
                              build/default/debug/main.o (__gtsf2)
c:/program files/microchip/xc8/v3.10/avr/bin/../lib/gcc/avr/5.4.0/../../../../avr/lib/avr5\libm.a(mulsf3.o)
                              build/default/debug/main.o (__mulsf3)
c:/program files/microchip/xc8/v3.10/avr/bin/../lib/gcc/avr/5.4.0/../../../../avr/lib/avr5\libm.a(mulsf3x.o)
                              c:/program files/microchip/xc8/v3.10/avr/bin/../lib/gcc/avr/5.4.0/../../../../avr/lib/avr5\libm.a(mulsf3.o) (__mulsf3x)
c:/program files/microchip/xc8/v3.10/avr/bin/../lib/gcc/avr/5.4.0/../../../../avr/lib/avr5\libm.a(tanf.o)
                              build/default/debug/main.o (tanf)
c:/program files/microchip/xc8/v3.10/avr/bin/../lib/gcc/avr/5.4.0/../../../../avr/lib/avr5\libm.a(__tandf.o)
                              c:/program files/microchip/xc8/v3.10/avr/bin/../lib/gcc/avr/5.4.0/../../../../avr/lib/avr5\libm.a(tanf.o) (__tandf)
c:/program files/microchip/xc8/v3.10/avr/bin/../lib/gcc/avr/5.4.0/../../../../avr/lib/avr5\libm.a(__rem_pio2f.o)
                              c:/program files/microchip/xc8/v3.10/avr/bin/../lib/gcc/avr/5.4.0/../../../../avr/lib/avr5\libm.a(tanf.o) (__rem_pio2f)
c:/program files/microchip/xc8/v3.10/avr/bin/../lib/gcc/avr/5.4.0/../../../../avr/lib/avr5\libm.a(divsf3.o)
                              c:/program files/microchip/xc8/v3.10/avr/bin/../lib/gcc/avr/5.4.0/../../../../avr/lib/avr5\libm.a(__tandf.o) (__divsf3)
c:/program files/microchip/xc8/v3.10/avr/bin/../lib/gcc/avr/5.4.0/../../../../avr/lib/avr5\libm.a(divsf3x.o)
[...]
Memory Configuration

Name             Origin             Length             Attributes
text             0x0000000000000000 0x0000000000008000 xr
data             0x0000000000800100 0x0000000000000800 rw !x
eeprom           0x0000000000810000 0x0000000000000400 rw !x
fuse             0x0000000000820000 0x0000000000000003 rw !x
lock             0x0000000000830000 0x0000000000000400 rw !x
signature        0x0000000000840000 0x0000000000000400 rw !x
user_signatures  0x0000000000850000 0x0000000000000400 rw !x
bootrow          0x0000000000860000 0x0000000000000400 rw !x
*default*        0x0000000000000000 0xffffffffffffffff

Linker script and memory map

Address of section .data set to 0x800100
LOAD C:/Program Files/Microchip/MPLABX/v6.25/packs/Microchip/ATmega_DFP/3.3.279/xc8/avr/lib/avr5/crtatmega328p.o
                0x0000000000000001                __MPLAB_BUILD = 0x1
LOAD build/default/debug/displaycomm.o
LOAD build/default/debug/main.o
LOAD build/default/debug/bno055_definitions.o
LOAD build/default/debug/twi_master.o
LOAD build/default/debug/IMU.o
START GROUP
LOAD c:/program files/microchip/xc8/v3.10/avr/bin/../lib/gcc/avr/5.4.0/../../../../avr/lib/avr5\libm.a
END GROUP
                0x0000000000000001                __MPLAB_DEBUG = 0x1
                0x0000000000000001                __DEBUG = 0x1
START GROUP
LOAD c:/program files/microchip/xc8/v3.10/avr/bin/../lib/gcc/avr/5.4.0/avr5\libgcc.a
LOAD c:/program files/microchip/xc8/v3.10/avr/bin/../lib/gcc/avr/5.4.0/../../../../avr/lib/avr5\libm.a
LOAD c:/program files/microchip/xc8/v3.10/avr/bin/../lib/gcc/avr/5.4.0/../../../../avr/lib/avr5\libc.a
LOAD C:/Program Files/Microchip/MPLABX/v6.25/packs/Microchip/ATmega_DFP/3.3.279/xc8/avr/lib/avr5\libatmega328p.a
END GROUP
                0x0000000000000000                __TEXT_REGION_ORIGIN__ = DEFINED (__TEXT_REGION_ORIGIN__)?__TEXT_REGION_ORIGIN__:0x0
                [0x0000000000800100]                __DATA_REGION_ORIGIN__ = DEFINED (__DATA_REGION_ORIGIN__)?__DATA_REGION_ORIGIN__:0x800060
                [0x0000000000008000]                __TEXT_REGION_LENGTH__ = DEFINED (__TEXT_REGION_LENGTH__)?__TEXT_REGION_LENGTH__:0x20000
                [0x0000000000000800]                __DATA_REGION_LENGTH__ = DEFINED (__DATA_REGION_LENGTH__)?__DATA_REGION_LENGTH__:0xffa0
                [0x0000000000000400]                __EEPROM_REGION_LENGTH__ = DEFINED (__EEPROM_REGION_LENGTH__)?__EEPROM_REGION_LENGTH__:0x10000
                [0x0000000000000003]                __FUSE_REGION_LENGTH__ = DEFINED (__FUSE_REGION_LENGTH__)?__FUSE_REGION_LENGTH__:0x400
                0x0000000000000400                __LOCK_REGION_LENGTH__ = DEFINED (__LOCK_REGION_LENGTH__)?__LOCK_REGION_LENGTH__:0x400
                0x0000000000000400                __SIGNATURE_REGION_LENGTH__ = DEFINED (__SIGNATURE_REGION_LENGTH__)?__SIGNATURE_REGION_LENGTH__:0x400
                0x0000000000000400                __USER_SIGNATURE_REGION_LENGTH__ = DEFINED (__USER_SIGNATURE_REGION_LENGTH__)?__USER_SIGNATURE_REGION_LENGTH__:0x400
                0x0000000000000400                __BOOTROW_REGION_LENGTH__ = DEFINED (__BOOTROW_REGION_LENGTH__)?__BOOTROW_REGION_LENGTH__:0x400

.hash
 *(.hash)

.dynsym
 *(.dynsym)

.dynstr
 *(.dynstr)

.gnu.version
 *(.gnu.version)

.gnu.version_d
 *(.gnu.version_d)

.gnu.version_r
 *(.gnu.version_r)

.rel.init
 *(.rel.init)

.rela.init
 *(.rela.init)

.rel.text
 *(.rel.text)
 *(.rel.text.*)
 *(.rel.gnu.linkonce.t*)

.rela.text
 *(.rela.text)
 *(.rela.text.*)
 *(.rela.gnu.linkonce.t*)

.rel.fini
 *(.rel.fini)

.rela.fini
 *(.rela.fini)

.rel.rodata
 *(.rel.rodata)
 *(.rel.rodata.*)
 *(.rel.gnu.linkonce.r*)

.rela.rodata
 *(.rela.rodata)
 *(.rela.rodata.*)
 *(.rela.gnu.linkonce.r*)

.rel.data
 *(.rel.data)
 *(.rel.data.*)
 *(.rel.gnu.linkonce.d*)

.rela.data
 *(.rela.data)
 *(.rela.data.*)
 *(.rela.gnu.linkonce.d*)

.rel.ctors
 *(.rel.ctors)

.rela.ctors
 *(.rela.ctors)

.rel.dtors
 *(.rel.dtors)

.rela.dtors
 *(.rela.dtors)

.rel.got
 *(.rel.got)

.rela.got
 *(.rela.got)

.rel.bss
 *(.rel.bss)

.rela.bss
 *(.rela.bss)

.rel.plt
 *(.rel.plt)

.rela.plt
 *(.rela.plt)

.text           0x0000000000000000       0xe6
 *(.vectors)
 .vectors       0x0000000000000000       0x68 C:/Program Files/Microchip/MPLABX/v6.25/packs/Microchip/ATmega_DFP/3.3.279/xc8/avr/lib/avr5/crtatmega328p.o
                0x0000000000000000                __vector_default
                0x0000000000000000                __vectors
 *(.vectors)
 *(.progmem.gcc*)
 *(.dinit)
 .dinit         0x0000000000000068       0x29 data_init
                0x0000000000000092                . = ALIGN (0x2)
 *fill*         0x0000000000000091        0x1 
                0x0000000000000092                __trampolines_start = .
 *(.trampolines)
 .trampolines   0x0000000000000092        0x0 linker stubs
 *(.trampolines*)
                0x0000000000000092                __trampolines_end = .
 *libprintf_flt.a:*(.progmem.data)
 *libc.a:*(.progmem.data)
                0x0000000000000092                . = ALIGN (0x2)
 *(.jumptables)
 *(.jumptables*)
 *(.lowtext)
 *(.lowtext*)
                0x0000000000000092                __ctors_start = .
 *(.ctors)
                0x0000000000000092                __ctors_end = .
                0x0000000000000092                __dtors_start = .
 *(.dtors)
                0x0000000000000092                __dtors_end = .
 SORT(*)(.ctors)
 SORT(*)(.dtors)
 *(.init0)
 .init0         0x0000000000000092        0x0 C:/Program Files/Microchip/MPLABX/v6.25/packs/Microchip/ATmega_DFP/3.3.279/xc8/avr/lib/avr5/crtatmega328p.o
                0x0000000000000092                __init
 *(.init0)
 *(.init1)
 *(.init1)
 *(.init2)
 .init2         0x0000000000000092        0xc C:/Program Files/Microchip/MPLABX/v6.25/packs/Microchip/ATmega_DFP/3.3.279/xc8/avr/lib/avr5/crtatmega328p.o
 *(.init2)
 *(.init3)
 *(.init3)
 *(.init4)
 .init4         0x000000000000009e       0x3c c:/program files/microchip/xc8/v3.10/avr/bin/../lib/gcc/avr/5.4.0/avr5\libgcc.a(_copy_data.o)
                0x000000000000009e                __do_copy_data
                0x00000000000000cc                __do_clear_bss
 *(.init4)
 *(.init5)
 *(.init5)
 *(.init6)
 *(.init6)
 *(.init7)
 *(.init7)
 *(.init8)
 *(.init8)
 *(.init9)
 .init9         0x00000000000000da        0x8 C:/Program Files/Microchip/MPLABX/v6.25/packs/Microchip/ATmega_DFP/3.3.279/xc8/avr/lib/avr5/crtatmega328p.o
 *(.init9)
                0x00000000000000e2                . = ALIGN (0x2)
 *(.fini9)
 .fini9         0x00000000000000e2        0x0 c:/program files/microchip/xc8/v3.10/avr/bin/../lib/gcc/avr/5.4.0/avr5\libgcc.a(_exit.o)
                0x00000000000000e2                _exit
 *(.fini9)
 *(.fini8)
 *(.fini8)
 *(.fini7)
 *(.fini7)
 *(.fini6)
 *(.fini6)
 *(.fini5)
 *(.fini5)
 *(.fini4)
 *(.fini4)
 *(.fini3)
 *(.fini3)
 *(.fini2)
 *(.fini2)
 *(.fini1)
 *(.fini1)
 *(.fini0)
 .fini0         0x00000000000000e2        0x4 c:/program files/microchip/xc8/v3.10/avr/bin/../lib/gcc/avr/5.4.0/avr5\libgcc.a(_exit.o)
 *(.fini0)
                0x00000000000000e6                _etext = .

.data           0x0000000000800100        0x0 load address 0x00000000000000e6
                [!provide]                        PROVIDE (__data_start, .)
 *(.gnu.linkonce.d*)
 *(.gnu.linkonce.r*)
                0x0000000000800100                . = ALIGN (0x2)
                0x0000000000800100                _edata = .
                [!provide]                        PROVIDE (__data_end, .)

.bss            0x0000000000800100        0x2
                [!provide]                        PROVIDE (__bss_start, .)
 *(COMMON)
 COMMON         0x0000000000800100        0x2 c:/program files/microchip/xc8/v3.10/avr/bin/../lib/gcc/avr/5.4.0/../../../../avr/lib/avr5\libc.a(errno.o)
                0x0000000000800100                __errno_val
                [!provide]                        PROVIDE (__bss_end, .)
                0x00000000000000e6                __data_load_start = LOADADDR (.data)
                0x00000000000000e6                __data_load_end = (__data_load_start + SIZEOF (.data))

.noinit         0x0000000000800102        0x0
                [!provide]                        PROVIDE (__noinit_start, .)
 *(.noinit*)
                [!provide]                        PROVIDE (__noinit_end, .)
                0x0000000000800102                _end = .

.eeprom         0x0000000000810000        0x0
 *(.eeprom*)
                0x0000000000810000                __eeprom_end = .

.fuse
 *(.fuse)
 *(.lfuse)
 *(.hfuse)
 *(.efuse)

.lock
 *(.lock*)

.signature
 *(.signature*)

.user_signatures
 *(.user_signatures*)

.bootrow
 *(.bootrow*)

.stab
 *(.stab)

.stabstr
 *(.stabstr)

.stab.excl
 *(.stab.excl)

.stab.exclstr
 *(.stab.exclstr)

.stab.index
 *(.stab.index)

.stab.indexstr
 *(.stab.indexstr)

.comment        0x0000000000000000       0x5b
 *(.comment)
 .comment       0x0000000000000000       0x2f build/default/debug/main.o
                                         0x30 (size before relaxing)
 .comment       0x000000000000002f       0x30 build/default/debug/twi_master.o
 .comment       0x000000000000002f       0x30 build/default/debug/IMU.o
 .comment       0x000000000000002f       0x2c c:/program files/microchip/xc8/v3.10/avr/bin/../lib/gcc/avr/5.4.0/../../../../avr/lib/avr5\libm.a(tanf.o)
                                         0x2d (size before relaxing)
 .comment       0x000000000000005b       0x2d c:/program files/microchip/xc8/v3.10/avr/bin/../lib/gcc/avr/5.4.0/../../../../avr/lib/avr5\libm.a(__tandf.o)
 .comment       0x000000000000005b       0x2d c:/program files/microchip/xc8/v3.10/avr/bin/../lib/gcc/avr/5.4.0/../../../../avr/lib/avr5\libm.a(__rem_pio2f.o)
 .comment       0x000000000000005b       0x2d c:/program files/microchip/xc8/v3.10/avr/bin/../lib/gcc/avr/5.4.0/../../../../avr/lib/avr5\libm.a(fabsf.o)
 .comment       0x000000000000005b       0x2d c:/program files/microchip/xc8/v3.10/avr/bin/../lib/gcc/avr/5.4.0/../../../../avr/lib/avr5\libc.a(exit.o)
 .comment       0x000000000000005b       0x2d c:/program files/microchip/xc8/v3.10/avr/bin/../lib/gcc/avr/5.4.0/../../../../avr/lib/avr5\libc.a(__sio_snprintf_doux.o)
 .comment       0x000000000000005b       0x2d c:/program files/microchip/xc8/v3.10/avr/bin/../lib/gcc/avr/5.4.0/../../../../avr/lib/avr5\libc.a(__int_vsnprintf.o)
 .comment       0x000000000000005b       0x2d c:/program files/microchip/xc8/v3.10/avr/bin/../lib/gcc/avr/5.4.0/../../../../avr/lib/avr5\libc.a(__fmt_d.o)
 .comment       0x000000000000005b       0x2d c:/program files/microchip/xc8/v3.10/avr/bin/../lib/gcc/avr/5.4.0/../../../../avr/lib/avr5\libc.a(__fmt_o.o)
 .comment       0x000000000000005b       0x2d c:/program files/microchip/xc8/v3.10/avr/bin/../lib/gcc/avr/5.4.0/../../../../avr/lib/avr5\libc.a(__fmt_s.o)
 .comment       0x000000000000005b       0x2d c:/program files/microchip/xc8/v3.10/avr/bin/../lib/gcc/avr/5.4.0/../../../../avr/lib/avr5\libc.a(__fmt_u.o)
 .comment       0x000000000000005b       0x2d c:/program files/microchip/xc8/v3.10/avr/bin/../lib/gcc/avr/5.4.0/../../../../avr/lib/avr5\libc.a(__fmt_x.o)
 .comment       0x000000000000005b       0x2d c:/program files/microchip/xc8/v3.10/avr/bin/../lib/gcc/avr/5.4.0/../../../../avr/lib/avr5\libc.a(__pop_int.o)
 .comment       0x000000000000005b       0x2d c:/program files/microchip/xc8/v3.10/avr/bin/../lib/gcc/avr/5.4.0/../../../../avr/lib/avr5\libc.a(__printf_core.o)
 .comment       0x000000000000005b       0x2d c:/program files/microchip/xc8/v3.10/avr/bin/../lib/gcc/avr/5.4.0/../../../../avr/lib/avr5\libc.a(fputc.o)
 .comment       0x000000000000005b       0x2d c:/program files/microchip/xc8/v3.10/avr/bin/../lib/gcc/avr/5.4.0/../../../../avr/lib/avr5\libc.a(strlen.o)
 .comment       0x000000000000005b       0x2d c:/program files/microchip/xc8/v3.10/avr/bin/../lib/gcc/avr/5.4.0/../../../../avr/lib/avr5\libc.a(tolower.o)
 .comment       0x000000000000005b       0x2d c:/program files/microchip/xc8/v3.10/avr/bin/../lib/gcc/avr/5.4.0/../../../../avr/lib/avr5\libc.a(toupper.o)
 .comment       0x000000000000005b       0x2d c:/program files/microchip/xc8/v3.10/avr/bin/../lib/gcc/avr/5.4.0/../../../../avr/lib/avr5\libc.a(errno.o)
 .comment       0x000000000000005b       0x2d c:/program files/microchip/xc8/v3.10/avr/bin/../lib/gcc/avr/5.4.0/../../../../avr/lib/avr5\libc.a(_Exit.o)
 .comment       0x000000000000005b       0x2d c:/program files/microchip/xc8/v3.10/avr/bin/../lib/gcc/avr/5.4.0/../../../../avr/lib/avr5\libc.a(__int_vfprintf.o)

.stack.descriptors.hdr
                0x0000000000000000      0x268
 .stack.descriptors.hdr
                0x0000000000000000        0xe c:/program files/microchip/xc8/v3.10/avr/bin/../lib/gcc/avr/5.4.0/../../../../avr/lib/avr5\libm.a(addsf3.o)
 .stack.descriptors.hdr
                0x000000000000000e        0xe c:/program files/microchip/xc8/v3.10/avr/bin/../lib/gcc/avr/5.4.0/../../../../avr/lib/avr5\libm.a(addsf3x.o)
 .stack.descriptors.hdr
                0x000000000000001c        0xe c:/program files/microchip/xc8/v3.10/avr/bin/../lib/gcc/avr/5.4.0/../../../../avr/lib/avr5\libm.a(cmpsf2.o)
 .stack.descriptors.hdr
                0x000000000000002a        0xe c:/program files/microchip/xc8/v3.10/avr/bin/../lib/gcc/avr/5.4.0/../../../../avr/lib/avr5\libm.a(fixsfsi.o)
 .stack.descriptors.hdr
                0x0000000000000038        0xe c:/program files/microchip/xc8/v3.10/avr/bin/../lib/gcc/avr/5.4.0/../../../../avr/lib/avr5\libm.a(fixunssfsi.o)
 .stack.descriptors.hdr
                0x0000000000000046        0xe c:/program files/microchip/xc8/v3.10/avr/bin/../lib/gcc/avr/5.4.0/../../../../avr/lib/avr5\libm.a(floatsisf.o)
 .stack.descriptors.hdr
                0x0000000000000054        0xe c:/program files/microchip/xc8/v3.10/avr/bin/../lib/gcc/avr/5.4.0/../../../../avr/lib/avr5\libm.a(fp_cmp.o)
 .stack.descriptors.hdr
                0x0000000000000062        0xe c:/program files/microchip/xc8/v3.10/avr/bin/../lib/gcc/avr/5.4.0/../../../../avr/lib/avr5\libm.a(fp_inf.o)
 .stack.descriptors.hdr
                0x0000000000000070        0xe c:/program files/microchip/xc8/v3.10/avr/bin/../lib/gcc/avr/5.4.0/../../../../avr/lib/avr5\libm.a(fp_nan.o)
 .stack.descriptors.hdr
                0x000000000000007e        0xe c:/program files/microchip/xc8/v3.10/avr/bin/../lib/gcc/avr/5.4.0/../../../../avr/lib/avr5\libm.a(fp_pscA.o)
 .stack.descriptors.hdr
                0x000000000000008c        0xe c:/program files/microchip/xc8/v3.10/avr/bin/../lib/gcc/avr/5.4.0/../../../../avr/lib/avr5\libm.a(fp_pscB.o)
 .stack.descriptors.hdr
                0x000000000000009a        0xe c:/program files/microchip/xc8/v3.10/avr/bin/../lib/gcc/avr/5.4.0/../../../../avr/lib/avr5\libm.a(fp_round.o)
 .stack.descriptors.hdr
                0x00000000000000a8        0xe c:/program files/microchip/xc8/v3.10/avr/bin/../lib/gcc/avr/5.4.0/../../../../avr/lib/avr5\libm.a(fp_split3.o)
 .stack.descriptors.hdr
                0x00000000000000b6        0xe c:/program files/microchip/xc8/v3.10/avr/bin/../lib/gcc/avr/5.4.0/../../../../avr/lib/avr5\libm.a(fp_zero.o)
 .stack.descriptors.hdr
                0x00000000000000c4        0xe c:/program files/microchip/xc8/v3.10/avr/bin/../lib/gcc/avr/5.4.0/../../../../avr/lib/avr5\libm.a(gesf2.o)
 .stack.descriptors.hdr
                0x00000000000000d2        0xe c:/program files/microchip/xc8/v3.10/avr/bin/../lib/gcc/avr/5.4.0/../../../../avr/lib/avr5\libm.a(mulsf3.o)
 .stack.descriptors.hdr
                0x00000000000000e0        0xe c:/program files/microchip/xc8/v3.10/avr/bin/../lib/gcc/avr/5.4.0/../../../../avr/lib/avr5\libm.a(mulsf3x.o)
 .stack.descriptors.hdr
                0x00000000000000ee        0xe c:/program files/microchip/xc8/v3.10/avr/bin/../lib/gcc/avr/5.4.0/../../../../avr/lib/avr5\libm.a(tanf.o)
 .stack.descriptors.hdr
                0x00000000000000fc        0xe c:/program files/microchip/xc8/v3.10/avr/bin/../lib/gcc/avr/5.4.0/../../../../avr/lib/avr5\libm.a(__tandf.o)
 .stack.descriptors.hdr
                0x000000000000010a        0xe c:/program files/microchip/xc8/v3.10/avr/bin/../lib/gcc/avr/5.4.0/../../../../avr/lib/avr5\libm.a(__rem_pio2f.o)
 .stack.descriptors.hdr
                0x0000000000000118        0xe c:/program files/microchip/xc8/v3.10/avr/bin/../lib/gcc/avr/5.4.0/../../../../avr/lib/avr5\libm.a(divsf3.o)
 .stack.descriptors.hdr
                0x0000000000000126        0xe c:/program files/microchip/xc8/v3.10/avr/bin/../lib/gcc/avr/5.4.0/../../../../avr/lib/avr5\libm.a(divsf3x.o)
 .stack.descriptors.hdr
                0x0000000000000134        0xe c:/program files/microchip/xc8/v3.10/avr/bin/../lib/gcc/avr/5.4.0/../../../../avr/lib/avr5\libm.a(fabsf.o)
 .stack.descriptors.hdr
                0x0000000000000142        0xe c:/program files/microchip/xc8/v3.10/avr/bin/../lib/gcc/avr/5.4.0/avr5\libgcc.a(_divmodhi4.o)
 .stack.descriptors.hdr
                0x0000000000000150        0xe c:/program files/microchip/xc8/v3.10/avr/bin/../lib/gcc/avr/5.4.0/avr5\libgcc.a(_udivmodhi4.o)
 .stack.descriptors.hdr
                0x000000000000015e        0xe c:/program files/microchip/xc8/v3.10/avr/bin/../lib/gcc/avr/5.4.0/../../../../avr/lib/avr5\libc.a(exit.o)
 .stack.descriptors.hdr
                0x000000000000016c        0xe c:/program files/microchip/xc8/v3.10/avr/bin/../lib/gcc/avr/5.4.0/../../../../avr/lib/avr5\libc.a(__sio_snprintf_doux.o)
 .stack.descriptors.hdr
                0x000000000000017a        0xe c:/program files/microchip/xc8/v3.10/avr/bin/../lib/gcc/avr/5.4.0/../../../../avr/lib/avr5\libc.a(__int_vsnprintf.o)
 .stack.descriptors.hdr
                0x0000000000000188        0xe c:/program files/microchip/xc8/v3.10/avr/bin/../lib/gcc/avr/5.4.0/../../../../avr/lib/avr5\libc.a(__fmt_d.o)
 .stack.descriptors.hdr
                0x0000000000000196        0xe c:/program files/microchip/xc8/v3.10/avr/bin/../lib/gcc/avr/5.4.0/../../../../avr/lib/avr5\libc.a(__fmt_o.o)
 .stack.descriptors.hdr
                0x00000000000001a4        0xe c:/program files/microchip/xc8/v3.10/avr/bin/../lib/gcc/avr/5.4.0/../../../../avr/lib/avr5\libc.a(__fmt_s.o)
 .stack.descriptors.hdr
                0x00000000000001b2        0xe c:/program files/microchip/xc8/v3.10/avr/bin/../lib/gcc/avr/5.4.0/../../../../avr/lib/avr5\libc.a(__fmt_u.o)
 .stack.descriptors.hdr
                0x00000000000001c0        0xe c:/program files/microchip/xc8/v3.10/avr/bin/../lib/gcc/avr/5.4.0/../../../../avr/lib/avr5\libc.a(__fmt_x.o)
 .stack.descriptors.hdr
                0x00000000000001ce        0xe c:/program files/microchip/xc8/v3.10/avr/bin/../lib/gcc/avr/5.4.0/../../../../avr/lib/avr5\libc.a(__pop_int.o)
 .stack.descriptors.hdr
                0x00000000000001dc        0xe c:/program files/microchip/xc8/v3.10/avr/bin/../lib/gcc/avr/5.4.0/../../../../avr/lib/avr5\libc.a(__printf_core.o)
 .stack.descriptors.hdr
                0x00000000000001ea        0xe c:/program files/microchip/xc8/v3.10/avr/bin/../lib/gcc/avr/5.4.0/../../../../avr/lib/avr5\libc.a(fputc.o)
 .stack.descriptors.hdr
                0x00000000000001f8        0xe c:/program files/microchip/xc8/v3.10/avr/bin/../lib/gcc/avr/5.4.0/../../../../avr/lib/avr5\libc.a(strlen.o)
 .stack.descriptors.hdr
                0x0000000000000206        0xe c:/program files/microchip/xc8/v3.10/avr/bin/../lib/gcc/avr/5.4.0/../../../../avr/lib/avr5\libc.a(tolower.o)
 .stack.descriptors.hdr
                0x0000000000000214        0xe c:/program files/microchip/xc8/v3.10/avr/bin/../lib/gcc/avr/5.4.0/../../../../avr/lib/avr5\libc.a(toupper.o)
 .stack.descriptors.hdr
                0x0000000000000222        0xe c:/program files/microchip/xc8/v3.10/avr/bin/../lib/gcc/avr/5.4.0/../../../../avr/lib/avr5\libc.a(errno.o)
 .stack.descriptors.hdr
                0x0000000000000230        0xe c:/program files/microchip/xc8/v3.10/avr/bin/../lib/gcc/avr/5.4.0/../../../../avr/lib/avr5\libc.a(_Exit.o)
 .stack.descriptors.hdr
                0x000000000000023e        0xe c:/program files/microchip/xc8/v3.10/avr/bin/../lib/gcc/avr/5.4.0/../../../../avr/lib/avr5\libc.a(__int_vfprintf.o)
 .stack.descriptors.hdr
                0x000000000000024c        0xe c:/program files/microchip/xc8/v3.10/avr/bin/../lib/gcc/avr/5.4.0/avr5\libgcc.a(_udivmodsi4.o)
 .stack.descriptors.hdr
                0x000000000000025a        0xe c:/program files/microchip/xc8/v3.10/avr/bin/../lib/gcc/avr/5.4.0/avr5\libgcc.a(_exit.o)

.note.GNU-stack
                0x0000000000000000        0x0
 .note.GNU-stack
                0x0000000000000000        0x0 c:/program files/microchip/xc8/v3.10/avr/bin/../lib/gcc/avr/5.4.0/../../../../avr/lib/avr5\libm.a(addsf3.o)
 .note.GNU-stack
                0x0000000000000000        0x0 c:/program files/microchip/xc8/v3.10/avr/bin/../lib/gcc/avr/5.4.0/../../../../avr/lib/avr5\libm.a(addsf3x.o)
 .note.GNU-stack
                0x0000000000000000        0x0 c:/program files/microchip/xc8/v3.10/avr/bin/../lib/gcc/avr/5.4.0/../../../../avr/lib/avr5\libm.a(cmpsf2.o)
 .note.GNU-stack
                0x0000000000000000        0x0 c:/program files/microchip/xc8/v3.10/avr/bin/../lib/gcc/avr/5.4.0/../../../../avr/lib/avr5\libm.a(fixsfsi.o)
 .note.GNU-stack
                0x0000000000000000        0x0 c:/program files/microchip/xc8/v3.10/avr/bin/../lib/gcc/avr/5.4.0/../../../../avr/lib/avr5\libm.a(fixunssfsi.o)
 .note.GNU-stack
                0x0000000000000000        0x0 c:/program files/microchip/xc8/v3.10/avr/bin/../lib/gcc/avr/5.4.0/../../../../avr/lib/avr5\libm.a(floatsisf.o)
 .note.GNU-stack
                0x0000000000000000        0x0 c:/program files/microchip/xc8/v3.10/avr/bin/../lib/gcc/avr/5.4.0/../../../../avr/lib/avr5\libm.a(fp_cmp.o)
 .note.GNU-stack
                0x0000000000000000        0x0 c:/program files/microchip/xc8/v3.10/avr/bin/../lib/gcc/avr/5.4.0/../../../../avr/lib/avr5\libm.a(fp_inf.o)
 .note.GNU-stack
                0x0000000000000000        0x0 c:/program files/microchip/xc8/v3.10/avr/bin/../lib/gcc/avr/5.4.0/../../../../avr/lib/avr5\libm.a(fp_nan.o)
 .note.GNU-stack
                0x0000000000000000        0x0 c:/program files/microchip/xc8/v3.10/avr/bin/../lib/gcc/avr/5.4.0/../../../../avr/lib/avr5\libm.a(fp_pscA.o)
 .note.GNU-stack
                0x0000000000000000        0x0 c:/program files/microchip/xc8/v3.10/avr/bin/../lib/gcc/avr/5.4.0/../../../../avr/lib/avr5\libm.a(fp_pscB.o)
 .note.GNU-stack
                0x0000000000000000        0x0 c:/program files/microchip/xc8/v3.10/avr/bin/../lib/gcc/avr/5.4.0/../../../../avr/lib/avr5\libm.a(fp_round.o)
 .note.GNU-stack
                0x0000000000000000        0x0 c:/program files/microchip/xc8/v3.10/avr/bin/../lib/gcc/avr/5.4.0/../../../../avr/lib/avr5\libm.a(fp_split3.o)
 .note.GNU-stack
                0x0000000000000000        0x0 c:/program files/microchip/xc8/v3.10/avr/bin/../lib/gcc/avr/5.4.0/../../../../avr/lib/avr5\libm.a(fp_zero.o)
 .note.GNU-stack
                0x0000000000000000        0x0 c:/program files/microchip/xc8/v3.10/avr/bin/../lib/gcc/avr/5.4.0/../../../../avr/lib/avr5\libm.a(gesf2.o)
 .note.GNU-stack
                0x0000000000000000        0x0 c:/program files/microchip/xc8/v3.10/avr/bin/../lib/gcc/avr/5.4.0/../../../../avr/lib/avr5\libm.a(mulsf3.o)
 .note.GNU-stack
                0x0000000000000000        0x0 c:/program files/microchip/xc8/v3.10/avr/bin/../lib/gcc/avr/5.4.0/../../../../avr/lib/avr5\libm.a(mulsf3x.o)
 .note.GNU-stack
                0x0000000000000000        0x0 c:/program files/microchip/xc8/v3.10/avr/bin/../lib/gcc/avr/5.4.0/../../../../avr/lib/avr5\libm.a(tanf.o)
 .note.GNU-stack
                0x0000000000000000        0x0 c:/program files/microchip/xc8/v3.10/avr/bin/../lib/gcc/avr/5.4.0/../../../../avr/lib/avr5\libm.a(__tandf.o)
 .note.GNU-stack
                0x0000000000000000        0x0 c:/program files/microchip/xc8/v3.10/avr/bin/../lib/gcc/avr/5.4.0/../../../../avr/lib/avr5\libm.a(__rem_pio2f.o)
 .note.GNU-stack
                0x0000000000000000        0x0 c:/program files/microchip/xc8/v3.10/avr/bin/../lib/gcc/avr/5.4.0/../../../../avr/lib/avr5\libm.a(divsf3.o)
 .note.GNU-stack
                0x0000000000000000        0x0 c:/program files/microchip/xc8/v3.10/avr/bin/../lib/gcc/avr/5.4.0/../../../../avr/lib/avr5\libm.a(divsf3x.o)
 .note.GNU-stack
                0x0000000000000000        0x0 c:/program files/microchip/xc8/v3.10/avr/bin/../lib/gcc/avr/5.4.0/../../../../avr/lib/avr5\libm.a(fabsf.o)
 .note.GNU-stack
                0x0000000000000000        0x0 c:/program files/microchip/xc8/v3.10/avr/bin/../lib/gcc/avr/5.4.0/../../../../avr/lib/avr5\libc.a(exit.o)
 .note.GNU-stack
                0x0000000000000000        0x0 c:/program files/microchip/xc8/v3.10/avr/bin/../lib/gcc/avr/5.4.0/../../../../avr/lib/avr5\libc.a(__sio_snprintf_doux.o)
 .note.GNU-stack
                0x0000000000000000        0x0 c:/program files/microchip/xc8/v3.10/avr/bin/../lib/gcc/avr/5.4.0/../../../../avr/lib/avr5\libc.a(__int_vsnprintf.o)
 .note.GNU-stack
                0x0000000000000000        0x0 c:/program files/microchip/xc8/v3.10/avr/bin/../lib/gcc/avr/5.4.0/../../../../avr/lib/avr5\libc.a(__fmt_d.o)
 .note.GNU-stack
                0x0000000000000000        0x0 c:/program files/microchip/xc8/v3.10/avr/bin/../lib/gcc/avr/5.4.0/../../../../avr/lib/avr5\libc.a(__fmt_o.o)
 .note.GNU-stack
                0x0000000000000000        0x0 c:/program files/microchip/xc8/v3.10/avr/bin/../lib/gcc/avr/5.4.0/../../../../avr/lib/avr5\libc.a(__fmt_s.o)
 .note.GNU-stack
                0x0000000000000000        0x0 c:/program files/microchip/xc8/v3.10/avr/bin/../lib/gcc/avr/5.4.0/../../../../avr/lib/avr5\libc.a(__fmt_u.o)
 .note.GNU-stack
                0x0000000000000000        0x0 c:/program files/microchip/xc8/v3.10/avr/bin/../lib/gcc/avr/5.4.0/../../../../avr/lib/avr5\libc.a(__fmt_x.o)
 .note.GNU-stack
                0x0000000000000000        0x0 c:/program files/microchip/xc8/v3.10/avr/bin/../lib/gcc/avr/5.4.0/../../../../avr/lib/avr5\libc.a(__pop_int.o)
 .note.GNU-stack
                0x0000000000000000        0x0 c:/program files/microchip/xc8/v3.10/avr/bin/../lib/gcc/avr/5.4.0/../../../../avr/lib/avr5\libc.a(__printf_core.o)
 .note.GNU-stack
                0x0000000000000000        0x0 c:/program files/microchip/xc8/v3.10/avr/bin/../lib/gcc/avr/5.4.0/../../../../avr/lib/avr5\libc.a(fputc.o)
 .note.GNU-stack
                0x0000000000000000        0x0 c:/program files/microchip/xc8/v3.10/avr/bin/../lib/gcc/avr/5.4.0/../../../../avr/lib/avr5\libc.a(strlen.o)
 .note.GNU-stack
                0x0000000000000000        0x0 c:/program files/microchip/xc8/v3.10/avr/bin/../lib/gcc/avr/5.4.0/../../../../avr/lib/avr5\libc.a(tolower.o)
 .note.GNU-stack
                0x0000000000000000        0x0 c:/program files/microchip/xc8/v3.10/avr/bin/../lib/gcc/avr/5.4.0/../../../../avr/lib/avr5\libc.a(toupper.o)
 .note.GNU-stack
                0x0000000000000000        0x0 c:/program files/microchip/xc8/v3.10/avr/bin/../lib/gcc/avr/5.4.0/../../../../avr/lib/avr5\libc.a(errno.o)
 .note.GNU-stack
                0x0000000000000000        0x0 c:/program files/microchip/xc8/v3.10/avr/bin/../lib/gcc/avr/5.4.0/../../../../avr/lib/avr5\libc.a(_Exit.o)
 .note.GNU-stack
                0x0000000000000000        0x0 c:/program files/microchip/xc8/v3.10/avr/bin/../lib/gcc/avr/5.4.0/../../../../avr/lib/avr5\libc.a(__int_vfprintf.o)

.note.gnu.build-id
 *(.note.gnu.build-id)

.debug
 *(.debug)

.line
 *(.line)

.debug_srcinfo
 *(.debug_srcinfo)

.debug_sfnames
 *(.debug_sfnames)

.debug_aranges  0x0000000000000000      0x150
 *(.debug_aranges)
 .debug_aranges
                0x0000000000000000       0x20 build/default/debug/displaycomm.o
 .debug_aranges
                0x0000000000000020       0x60 build/default/debug/main.o
 .debug_aranges
                0x0000000000000080       0x58 build/default/debug/twi_master.o
 .debug_aranges
                0x00000000000000d8       0x78 build/default/debug/IMU.o

.debug_pubnames
 *(.debug_pubnames)

.debug_info     0x0000000000000000     0x1c2d
 *(.debug_info .gnu.linkonce.wi.*)
 .debug_info    0x0000000000000000      0x5f4 C:/Program Files/Microchip/MPLABX/v6.25/packs/Microchip/ATmega_DFP/3.3.279/xc8/avr/lib/avr5/crtatmega328p.o
 .debug_info    0x00000000000005f4       0x80 build/default/debug/displaycomm.o
 .debug_info    0x0000000000000674      0x7ef build/default/debug/main.o
 .debug_info    0x0000000000000e63      0x504 build/default/debug/twi_master.o
 .debug_info    0x0000000000001367      0x8c6 build/default/debug/IMU.o

.debug_abbrev   0x0000000000000000      0x9c8
 *(.debug_abbrev)
 .debug_abbrev  0x0000000000000000      0x5a2 C:/Program Files/Microchip/MPLABX/v6.25/packs/Microchip/ATmega_DFP/3.3.279/xc8/avr/lib/avr5/crtatmega328p.o
 .debug_abbrev  0x00000000000005a2       0x14 build/default/debug/displaycomm.o
 .debug_abbrev  0x00000000000005b6      0x13c build/default/debug/main.o
 .debug_abbrev  0x00000000000006f2      0x12c build/default/debug/twi_master.o
 .debug_abbrev  0x000000000000081e      0x1aa build/default/debug/IMU.o

.debug_line     0x0000000000000000     0x1292
 *(.debug_line .debug_line.* .debug_line_end)
 .debug_line    0x0000000000000000      0x134 C:/Program Files/Microchip/MPLABX/v6.25/packs/Microchip/ATmega_DFP/3.3.279/xc8/avr/lib/avr5/crtatmega328p.o
 .debug_line    0x0000000000000134      0x4ff build/default/debug/displaycomm.o
 .debug_line    0x0000000000000633      0x3fb build/default/debug/main.o
 .debug_line    0x0000000000000a2e      0x347 build/default/debug/twi_master.o
 .debug_line    0x0000000000000d75      0x51d build/default/debug/IMU.o

.debug_frame    0x0000000000000000      0x430
 *(.debug_frame)
 .debug_frame   0x0000000000000000      0x168 build/default/debug/main.o
 .debug_frame   0x0000000000000168      0x120 build/default/debug/twi_master.o
 .debug_frame   0x0000000000000288      0x1a8 build/default/debug/IMU.o

.debug_str      0x0000000000000000      0x237
 *(.debug_str)
 .debug_str     0x0000000000000000      0x208 C:/Program Files/Microchip/MPLABX/v6.25/packs/Microchip/ATmega_DFP/3.3.279/xc8/avr/lib/avr5/crtatmega328p.o
 .debug_str     0x0000000000000208        0x0 build/default/debug/main.o
 .debug_str     0x0000000000000208       0x16 build/default/debug/twi_master.o
 .debug_str     0x000000000000021e       0x19 build/default/debug/IMU.o

.debug_loc
 *(.debug_loc)

.debug_macinfo
 *(.debug_macinfo)

.debug_weaknames
 *(.debug_weaknames)

.debug_funcnames
 *(.debug_funcnames)

.debug_typenames
 *(.debug_typenames)

.debug_varnames
 *(.debug_varnames)

.debug_pubtypes
 *(.debug_pubtypes)

.debug_ranges   0x0000000000000000      0x148
 *(.debug_ranges)
 .debug_ranges  0x0000000000000000       0x50 build/default/debug/main.o
 .debug_ranges  0x0000000000000050       0x48 build/default/debug/twi_master.o
 .debug_ranges  0x0000000000000098       0xb0 build/default/debug/IMU.o

.debug_macro
 *(.debug_macro)
OUTPUT(dist/default/debug/Combined_Project.X.debug.elf elf32-avr)
LOAD linker stubs
LOAD data_init

.note.gnu.avr.deviceinfo
                0x0000000000000000       0x40
 .note.gnu.avr.deviceinfo
                0x0000000000000000       0x40 C:/Program Files/Microchip/MPLABX/v6.25/packs/Microchip/ATmega_DFP/3.3.279/xc8/avr/lib/avr5/crtatmega328p.o

.bss.xh         0x0000000000800227        0x1
 .bss.xh        0x0000000000800227        0x1 build/default/debug/main.o
                0x0000000000800227                xh

.bss.xl         0x0000000000800228        0x1
 .bss.xl        0x0000000000800228        0x1 build/default/debug/main.o
                0x0000000000800228                xl

.bss.xh2        0x0000000000800229        0x1
 .bss.xh2       0x0000000000800229        0x1 build/default/debug/main.o
                0x0000000000800229                xh2

.bss.xl2        0x000000000080022a        0x1
 .bss.xl2       0x000000000080022a        0x1 build/default/debug/main.o
                0x000000000080022a                xl2

.bss.yh         0x000000000080022b        0x1
 .bss.yh        0x000000000080022b        0x1 build/default/debug/main.o
                0x000000000080022b                yh

.bss.yl         0x000000000080022c        0x1
 .bss.yl        0x000000000080022c        0x1 build/default/debug/main.o
                0x000000000080022c                yl

.bss.yh2        0x000000000080022d        0x1
 .bss.yh2       0x000000000080022d        0x1 build/default/debug/main.o
                0x000000000080022d                yh2

.bss.yl2        0x000000000080022e        0x1
 .bss.yl2       0x000000000080022e        0x1 build/default/debug/main.o
                0x000000000080022e                yl2

.bss.colorh     0x000000000080022f        0x1
 .bss.colorh    0x000000000080022f        0x1 build/default/debug/main.o
                0x000000000080022f                colorh

.bss.colorl     0x0000000000800230        0x1
 .bss.colorl    0x0000000000800230        0x1 build/default/debug/main.o
                0x0000000000800230                colorl

.bss.yaw        0x0000000000800215        0x4
 .bss.yaw       0x0000000000800215        0x4 build/default/debug/main.o
                0x0000000000800215                yaw

.bss.pitch      0x000000000080021d        0x2
 .bss.pitch     0x000000000080021d        0x2 build/default/debug/main.o
                0x000000000080021d                pitch

.bss.roll       0x000000000080021f        0x2
 .bss.roll      0x000000000080021f        0x2 build/default/debug/main.o
                0x000000000080021f                roll

.bss.pyaw       0x0000000000800219        0x4
 .bss.pyaw      0x0000000000800219        0x4 build/default/debug/main.o
                0x0000000000800219                pyaw

.bss.ppitch     0x0000000000800221        0x2
 .bss.ppitch    0x0000000000800221        0x2 build/default/debug/main.o
                0x0000000000800221                ppitch

.bss.proll      0x0000000000800223        0x2
 .bss.proll     0x0000000000800223        0x2 build/default/debug/main.o
                0x0000000000800223                proll

.bss.error_code
                0x0000000000800225        0x2
 .bss.error_code
                0x0000000000800225        0x2 build/default/debug/IMU.o
                0x0000000000800225                error_code

.bss.data       0x00000000008001fd        0x6
 .bss.data      0x00000000008001fd        0x6 build/default/debug/IMU.o
                0x00000000008001fd                data

.bss.imu_data   0x0000000000800203        0x6
 .bss.imu_data  0x0000000000800203        0x6 build/default/debug/IMU.o
                0x0000000000800203                imu_data

.bss.offset     0x0000000000800209        0x6
 .bss.offset    0x0000000000800209        0x6 build/default/debug/IMU.o
                0x0000000000800209                offset

.bss.output_str
                0x00000000008001a0       0x40
 .bss.output_str
                0x00000000008001a0       0x40 build/default/debug/IMU.o
                0x00000000008001a0                output_str

.text.main      0x00000000000000e6      0x420
 .text.main     0x00000000000000e6      0x420 build/default/debug/main.o
                0x00000000000000e6                main

.text.vfpfcnvrt
                0x0000000000000506      0x3fc
 .text.vfpfcnvrt
                0x0000000000000506      0x3fc c:/program files/microchip/xc8/v3.10/avr/bin/../lib/gcc/avr/5.4.0/../../../../avr/lib/avr5\libc.a(__printf_core.o)
                0x0000000000000506                vfpfcnvrt

.text           0x0000000000000902      0x252
 .text          0x0000000000000902      0x252 build/default/debug/displaycomm.o
                0x0000000000000902                pinInit
                0x000000000000091c                softReset
                0x0000000000000926                sleepOut
                0x000000000000092e                screenInit
                0x0000000000000992                drawPixel
                0x0000000000000a12                drawBackground
                0x0000000000000a78                drawBlock

.text.imu_startup
                0x0000000000000b54      0x224
 .text.imu_startup
                0x0000000000000b54      0x224 build/default/debug/IMU.o
                0x0000000000000b54                imu_startup

.text.__fmt_x   0x0000000000000d78      0x1dc
 .text.__fmt_x  0x0000000000000d78      0x1dc c:/program files/microchip/xc8/v3.10/avr/bin/../lib/gcc/avr/5.4.0/../../../../avr/lib/avr5\libc.a(__fmt_x.o)
                0x0000000000000d78                __fmt_x_needed
                0x0000000000000d78                __fmt_x

.text.imu_transmit
                0x0000000000000f54      0x164
 .text.imu_transmit
                0x0000000000000f54      0x164 build/default/debug/IMU.o
                0x0000000000000f54                imu_transmit

.text.__tandf   0x00000000000010b8      0x15e
 .text.__tandf  0x00000000000010b8      0x15e c:/program files/microchip/xc8/v3.10/avr/bin/../lib/gcc/avr/5.4.0/../../../../avr/lib/avr5\libm.a(__tandf.o)
                0x00000000000010b8                __tandf

.text.imu_start_imu
                0x0000000000001216      0x152
 .text.imu_start_imu
                0x0000000000001216      0x152 build/default/debug/IMU.o
                0x0000000000001216                imu_start_imu

.text.imu_start_config
                0x0000000000001368      0x150
 .text.imu_start_config
                0x0000000000001368      0x150 build/default/debug/IMU.o
                0x0000000000001368                imu_start_config

.text.imu_probe
                0x00000000000014b8      0x126
 .text.imu_probe
                0x00000000000014b8      0x126 build/default/debug/IMU.o
                0x00000000000014b8                imu_probe

.text.tanf      0x00000000000015de      0x11e
 .text.tanf     0x00000000000015de      0x11e c:/program files/microchip/xc8/v3.10/avr/bin/../lib/gcc/avr/5.4.0/../../../../avr/lib/avr5\libm.a(tanf.o)
                0x00000000000015de                tanf

.text.function  0x00000000000016fc      0x110
 .text.function
                0x00000000000016fc      0x110 build/default/debug/main.o
                0x00000000000016fc                function

.text.imu_read  0x000000000000180c      0x10e
 .text.imu_read
                0x000000000000180c      0x10e build/default/debug/IMU.o
                0x000000000000180c                imu_read

.text.clampScale
                0x000000000000191a       0xea
 .text.clampScale
                0x000000000000191a       0xea build/default/debug/main.o
                0x000000000000191a                clampScale

.text.__fmt_d   0x0000000000001a04       0xe4
 .text.__fmt_d  0x0000000000001a04       0xe4 c:/program files/microchip/xc8/v3.10/avr/bin/../lib/gcc/avr/5.4.0/../../../../avr/lib/avr5\libc.a(__fmt_d.o)
                0x0000000000001a04                __fmt_d
                0x0000000000001a04                __fmt_d_needed

.text.__rem_pio2f
                0x0000000000001ae8       0xe0
 .text.__rem_pio2f
                0x0000000000001ae8       0xe0 c:/program files/microchip/xc8/v3.10/avr/bin/../lib/gcc/avr/5.4.0/../../../../avr/lib/avr5\libm.a(__rem_pio2f.o)
                0x0000000000001ae8                __rem_pio2f

.text           0x0000000000001bc8       0xde
 .text          0x0000000000001bc8       0xde c:/program files/microchip/xc8/v3.10/avr/bin/../lib/gcc/avr/5.4.0/../../../../avr/lib/avr5\libm.a(divsf3x.o)
                0x0000000000001bc8                __divsf3x
                0x0000000000001bf0                __divsf3_pse

.text           0x0000000000001ca6       0xd4
 .text          0x0000000000001ca6       0xd4 c:/program files/microchip/xc8/v3.10/avr/bin/../lib/gcc/avr/5.4.0/../../../../avr/lib/avr5\libm.a(mulsf3x.o)
                0x0000000000001ca6                __mulsf3x
                0x0000000000001ccc                __mulsf3_pse

.text.tw_master_receive
                0x0000000000001d7a       0xd0
 .text.tw_master_receive
                0x0000000000001d7a       0xd0 build/default/debug/twi_master.o
                0x0000000000001d7a                tw_master_receive

.text.__pop_int
                0x0000000000001e4a       0xd0
 .text.__pop_int
                0x0000000000001e4a       0xd0 c:/program files/microchip/xc8/v3.10/avr/bin/../lib/gcc/avr/5.4.0/../../../../avr/lib/avr5\libc.a(__pop_int.o)
                0x0000000000001e4a                __pop_int_needed
                0x0000000000001e4a                __pop_int

.text           0x0000000000001f1a       0xce
 .text          0x0000000000001f1a       0xce c:/program files/microchip/xc8/v3.10/avr/bin/../lib/gcc/avr/5.4.0/../../../../avr/lib/avr5\libm.a(addsf3x.o)
                0x0000000000001f1a                __addsf3x

.text.__cvt_u   0x0000000000001fe8       0xca
 .text.__cvt_u  0x0000000000001fe8       0xca c:/program files/microchip/xc8/v3.10/avr/bin/../lib/gcc/avr/5.4.0/../../../../avr/lib/avr5\libc.a(__fmt_u.o)
                0x0000000000001fe8                __cvt_u

.text.paintBlock
                0x00000000000020b2       0xc8
 .text.paintBlock
                0x00000000000020b2       0xc8 build/default/debug/main.o
                0x00000000000020b2                paintBlock

.text.tw_master_transmit
                0x000000000000217a       0xb8
 .text.tw_master_transmit
                0x000000000000217a       0xb8 build/default/debug/twi_master.o
                0x000000000000217a                tw_master_transmit

.text.paintBackground
                0x0000000000002232       0xb4
 .text.paintBackground
                0x0000000000002232       0xb4 build/default/debug/main.o
                0x0000000000002232                paintBackground

.text.__fmt_o   0x00000000000022e6       0xb2
 .text.__fmt_o  0x00000000000022e6       0xb2 c:/program files/microchip/xc8/v3.10/avr/bin/../lib/gcc/avr/5.4.0/../../../../avr/lib/avr5\libc.a(__fmt_o.o)
                0x00000000000022e6                __fmt_o
                0x00000000000022e6                __fmt_o_needed

.text.RGBConversion
                0x0000000000002398       0xb0
 .text.RGBConversion
                0x0000000000002398       0xb0 build/default/debug/main.o
                0x0000000000002398                RGBConversion

.text.tw_init   0x0000000000002448       0xa6
 .text.tw_init  0x0000000000002448       0xa6 build/default/debug/twi_master.o
                0x0000000000002448                tw_init

.text.tw_read   0x00000000000024ee       0x9c
 .text.tw_read  0x00000000000024ee       0x9c build/default/debug/twi_master.o

.text.fputc     0x000000000000258a       0x98
 .text.fputc    0x000000000000258a       0x98 c:/program files/microchip/xc8/v3.10/avr/bin/../lib/gcc/avr/5.4.0/../../../../avr/lib/avr5\libc.a(fputc.o)
                0x000000000000258a                fputc
                0x000000000000258a                putc

.text.__fmt_u   0x0000000000002622       0x8e
 .text.__fmt_u  0x0000000000002622       0x8e c:/program files/microchip/xc8/v3.10/avr/bin/../lib/gcc/avr/5.4.0/../../../../avr/lib/avr5\libc.a(__fmt_u.o)
                0x0000000000002622                __fmt_u_needed
                0x0000000000002622                __fmt_u

.text           0x00000000000026b0       0x7a
 .text          0x00000000000026b0       0x7a c:/program files/microchip/xc8/v3.10/avr/bin/../lib/gcc/avr/5.4.0/../../../../avr/lib/avr5\libm.a(floatsisf.o)
                0x00000000000026b0                __floatunsisf
                0x00000000000026b4                __floatsisf

.text.tw_write_sla
                0x000000000000272a       0x76
 .text.tw_write_sla
                0x000000000000272a       0x76 build/default/debug/twi_master.o

.text.__vsnprintf
                0x00000000000027a0       0x74
 .text.__vsnprintf
                0x00000000000027a0       0x74 c:/program files/microchip/xc8/v3.10/avr/bin/../lib/gcc/avr/5.4.0/../../../../avr/lib/avr5\libc.a(__int_vsnprintf.o)
                0x00000000000027a0                __vsnprintf

.text.__pad     0x0000000000002814       0x72
 .text.__pad    0x0000000000002814       0x72 c:/program files/microchip/xc8/v3.10/avr/bin/../lib/gcc/avr/5.4.0/../../../../avr/lib/avr5\libc.a(__printf_core.o)
                0x0000000000002814                __pad

.text.__printf_core
                0x0000000000002886       0x68
 .text.__printf_core
                0x0000000000002886       0x68 c:/program files/microchip/xc8/v3.10/avr/bin/../lib/gcc/avr/5.4.0/../../../../avr/lib/avr5\libc.a(__printf_core.o)
                0x0000000000002886                __printf_core

.text.tw_start  0x00000000000028ee       0x64
 .text.tw_start
                0x00000000000028ee       0x64 build/default/debug/twi_master.o

.text.paintPixel
                0x0000000000002952       0x60
 .text.paintPixel
                0x0000000000002952       0x60 build/default/debug/main.o
                0x0000000000002952                paintPixel

.text.tw_write  0x00000000000029b2       0x60
 .text.tw_write
                0x00000000000029b2       0x60 build/default/debug/twi_master.o

.text           0x0000000000002a12       0x5e
 .text          0x0000000000002a12       0x5e c:/program files/microchip/xc8/v3.10/avr/bin/../lib/gcc/avr/5.4.0/../../../../avr/lib/avr5\libm.a(fixunssfsi.o)
                0x0000000000002a12                __fixunssfsi

.text.read_prec_or_width
                0x0000000000002a70       0x5c
 .text.read_prec_or_width
                0x0000000000002a70       0x5c c:/program files/microchip/xc8/v3.10/avr/bin/../lib/gcc/avr/5.4.0/../../../../avr/lib/avr5\libc.a(__printf_core.o)

.text.USART_Transmit
                0x0000000000002acc       0x58
 .text.USART_Transmit
                0x0000000000002acc       0x58 build/default/debug/IMU.o
                0x0000000000002acc                USART_Transmit

.text.__fmt_s   0x0000000000002b24       0x54
 .text.__fmt_s  0x0000000000002b24       0x54 c:/program files/microchip/xc8/v3.10/avr/bin/../lib/gcc/avr/5.4.0/../../../../avr/lib/avr5\libc.a(__fmt_s.o)
                0x0000000000002b24                __fmt_s
                0x0000000000002b24                __fmt_0_needed
                0x0000000000002b24                __fmt_s_needed

.text.imu_init  0x0000000000002b78       0x4c
 .text.imu_init
                0x0000000000002b78       0x4c build/default/debug/IMU.o
                0x0000000000002b78                imu_init

.text.USART_Init
                0x0000000000002bc4       0x48
 .text.USART_Init
                0x0000000000002bc4       0x48 build/default/debug/IMU.o
                0x0000000000002bc4                USART_Init

.text           0x0000000000002c0c       0x48
 .text          0x0000000000002c0c       0x48 c:/program files/microchip/xc8/v3.10/avr/bin/../lib/gcc/avr/5.4.0/../../../../avr/lib/avr5\libm.a(fp_cmp.o)
                0x0000000000002c0c                __fp_cmp

.text           0x0000000000002c54       0x44
 .text          0x0000000000002c54       0x44 c:/program files/microchip/xc8/v3.10/avr/bin/../lib/gcc/avr/5.4.0/../../../../avr/lib/avr5\libm.a(fp_split3.o)
                0x0000000000002c54                __fp_split3
                0x0000000000002c64                __fp_splitA

.text.libgcc.div
                0x0000000000002c98       0x44
 .text.libgcc.div
                0x0000000000002c98       0x44 c:/program files/microchip/xc8/v3.10/avr/bin/../lib/gcc/avr/5.4.0/avr5\libgcc.a(_udivmodsi4.o)
                0x0000000000002c98                __udivmodsi4

.text.__fmt_state
                0x0000000000002cdc       0x40
 .text.__fmt_state
                0x0000000000002cdc       0x40 c:/program files/microchip/xc8/v3.10/avr/bin/../lib/gcc/avr/5.4.0/../../../../avr/lib/avr5\libc.a(__printf_core.o)
                0x0000000000002cdc                __fmt_state

.text.catch     0x0000000000002d1c       0x3c
 .text.catch    0x0000000000002d1c       0x3c build/default/debug/IMU.o
                0x0000000000002d1c                catch

.text.__out     0x0000000000002d58       0x3a
 .text.__out    0x0000000000002d58       0x3a c:/program files/microchip/xc8/v3.10/avr/bin/../lib/gcc/avr/5.4.0/../../../../avr/lib/avr5\libc.a(__printf_core.o)
                0x0000000000002d58                __out

.text.libgcc.prologue
                0x0000000000002d92       0x38
 .text.libgcc.prologue
                0x0000000000002d92       0x38 c:/program files/microchip/xc8/v3.10/avr/bin/../lib/gcc/avr/5.4.0/avr5\libgcc.a(_prologue.o)
                0x0000000000002d92                __prologue_saves__

.text.USART_TransmitChar
                0x0000000000002dca       0x36
 .text.USART_TransmitChar
                0x0000000000002dca       0x36 build/default/debug/IMU.o
                0x0000000000002dca                USART_TransmitChar

.text.libgcc.prologue
                0x0000000000002e00       0x36
 .text.libgcc.prologue
                0x0000000000002e00       0x36 c:/program files/microchip/xc8/v3.10/avr/bin/../lib/gcc/avr/5.4.0/avr5\libgcc.a(_epilogue.o)
                0x0000000000002e00                __epilogue_restores__

.text.__vfprintf
                0x0000000000002e36       0x30
 .text.__vfprintf
                0x0000000000002e36       0x30 c:/program files/microchip/xc8/v3.10/avr/bin/../lib/gcc/avr/5.4.0/../../../../avr/lib/avr5\libc.a(__int_vfprintf.o)
                0x0000000000002e36                __vfprintf

.text.libgcc.div
                0x0000000000002e66       0x28
 .text.libgcc.div
                0x0000000000002e66       0x28 c:/program files/microchip/xc8/v3.10/avr/bin/../lib/gcc/avr/5.4.0/avr5\libgcc.a(_divmodhi4.o)
                0x0000000000002e66                _div
                0x0000000000002e66                __divmodhi4

.text.libgcc.div
                0x0000000000002e8e       0x28
 .text.libgcc.div
                0x0000000000002e8e       0x28 c:/program files/microchip/xc8/v3.10/avr/bin/../lib/gcc/avr/5.4.0/avr5\libgcc.a(_udivmodhi4.o)
                0x0000000000002e8e                __udivmodhi4

.text.__wrap_snprintf
                0x0000000000002eb6       0x28
 .text.__wrap_snprintf
                0x0000000000002eb6       0x28 c:/program files/microchip/xc8/v3.10/avr/bin/../lib/gcc/avr/5.4.0/../../../../avr/lib/avr5\libc.a(__sio_snprintf_doux.o)
                0x0000000000002eb6                _snprintf_cdopuxX

.text           0x0000000000002ede       0x22
 .text          0x0000000000002ede       0x22 c:/program files/microchip/xc8/v3.10/avr/bin/../lib/gcc/avr/5.4.0/../../../../avr/lib/avr5\libm.a(fp_round.o)
                0x0000000000002ede                __fp_round

.text.strlen    0x0000000000002f00       0x1c
 .text.strlen   0x0000000000002f00       0x1c c:/program files/microchip/xc8/v3.10/avr/bin/../lib/gcc/avr/5.4.0/../../../../avr/lib/avr5\libc.a(strlen.o)
                0x0000000000002f00                strlen

.text.tw_stop   0x0000000000002f1c       0x1a
 .text.tw_stop  0x0000000000002f1c       0x1a build/default/debug/twi_master.o

.text.exit      0x0000000000002f36       0x16
 .text.exit     0x0000000000002f36       0x16 c:/program files/microchip/xc8/v3.10/avr/bin/../lib/gcc/avr/5.4.0/../../../../avr/lib/avr5\libc.a(exit.o)
                0x0000000000002f36                exit

.text.toupper   0x0000000000002f4c       0x12
 .text.toupper  0x0000000000002f4c       0x12 c:/program files/microchip/xc8/v3.10/avr/bin/../lib/gcc/avr/5.4.0/../../../../avr/lib/avr5\libc.a(toupper.o)
                0x0000000000002f4c                toupper

.text.tolower   0x0000000000002f5e       0x10
 .text.tolower  0x0000000000002f5e       0x10 c:/program files/microchip/xc8/v3.10/avr/bin/../lib/gcc/avr/5.4.0/../../../../avr/lib/avr5\libc.a(tolower.o)
                0x0000000000002f5e                tolower

.text           0x0000000000002f6e        0xe
 .text          0x0000000000002f6e        0xe c:/program files/microchip/xc8/v3.10/avr/bin/../lib/gcc/avr/5.4.0/../../../../avr/lib/avr5\libm.a(addsf3.o)
                0x0000000000002f6e                __subsf3
                0x0000000000002f70                __addsf3

.text           0x0000000000002f7c        0xe
 .text          0x0000000000002f7c        0xe c:/program files/microchip/xc8/v3.10/avr/bin/../lib/gcc/avr/5.4.0/../../../../avr/lib/avr5\libm.a(fixsfsi.o)
                0x0000000000002f7c                __fixsfsi

.text           0x0000000000002f8a        0xe
 .text          0x0000000000002f8a        0xe c:/program files/microchip/xc8/v3.10/avr/bin/../lib/gcc/avr/5.4.0/../../../../avr/lib/avr5\libm.a(fp_pscA.o)
                0x0000000000002f8a                __fp_pscA

.text           0x0000000000002f98        0xe
 .text          0x0000000000002f98        0xe c:/program files/microchip/xc8/v3.10/avr/bin/../lib/gcc/avr/5.4.0/../../../../avr/lib/avr5\libm.a(fp_pscB.o)
                0x0000000000002f98                __fp_pscB

.text           0x0000000000002fa6        0xe
 .text          0x0000000000002fa6        0xe c:/program files/microchip/xc8/v3.10/avr/bin/../lib/gcc/avr/5.4.0/../../../../avr/lib/avr5\libm.a(fp_zero.o)
                0x0000000000002fa6                __fp_zero
                0x0000000000002fa8                __fp_szero

.text           0x0000000000002fb4        0xc
 .text          0x0000000000002fb4        0xc c:/program files/microchip/xc8/v3.10/avr/bin/../lib/gcc/avr/5.4.0/../../../../avr/lib/avr5\libm.a(fp_inf.o)
                0x0000000000002fb4                __fp_inf

.text           0x0000000000002fc0        0xa
 .text          0x0000000000002fc0        0xa c:/program files/microchip/xc8/v3.10/avr/bin/../lib/gcc/avr/5.4.0/../../../../avr/lib/avr5\libm.a(cmpsf2.o)
                0x0000000000002fc0                __nesf2
                0x0000000000002fc0                __eqsf2
                0x0000000000002fc0                __cmpsf2
                0x0000000000002fc0                __ltsf2
                0x0000000000002fc0                __lesf2

.text           0x0000000000002fca        0xa
 .text          0x0000000000002fca        0xa c:/program files/microchip/xc8/v3.10/avr/bin/../lib/gcc/avr/5.4.0/../../../../avr/lib/avr5\libm.a(gesf2.o)
                0x0000000000002fca                __gesf2
                0x0000000000002fca                __gtsf2

.text           0x0000000000002fd4        0x8
 .text          0x0000000000002fd4        0x8 c:/program files/microchip/xc8/v3.10/avr/bin/../lib/gcc/avr/5.4.0/../../../../avr/lib/avr5\libm.a(mulsf3.o)
                0x0000000000002fd4                __mulsf3

.text           0x0000000000002fdc        0x8
 .text          0x0000000000002fdc        0x8 c:/program files/microchip/xc8/v3.10/avr/bin/../lib/gcc/avr/5.4.0/../../../../avr/lib/avr5\libm.a(divsf3.o)
                0x0000000000002fdc                __divsf3

.text           0x0000000000002fe4        0x6
 .text          0x0000000000002fe4        0x6 c:/program files/microchip/xc8/v3.10/avr/bin/../lib/gcc/avr/5.4.0/../../../../avr/lib/avr5\libm.a(fp_nan.o)
                0x0000000000002fe4                __fp_nan

.text           0x0000000000002fea        0x4
 .text          0x0000000000002fea        0x4 C:/Program Files/Microchip/MPLABX/v6.25/packs/Microchip/ATmega_DFP/3.3.279/xc8/avr/lib/avr5/crtatmega328p.o
                0x0000000000002fea                __vector_22
                0x0000000000002fea                __vector_1
                0x0000000000002fea                __vector_24
                0x0000000000002fea                __vector_12
                0x0000000000002fea                __bad_interrupt
                0x0000000000002fea                __vector_6
                0x0000000000002fea                __vector_3
                0x0000000000002fea                __vector_23
                0x0000000000002fea                __vector_25
                0x0000000000002fea                __vector_11
                0x0000000000002fea                __vector_13
                0x0000000000002fea                __vector_17
                0x0000000000002fea                __vector_19
                0x0000000000002fea                __vector_7
                0x0000000000002fea                __vector_5
                0x0000000000002fea                __vector_4
                0x0000000000002fea                __vector_9
                0x0000000000002fea                __vector_2
                0x0000000000002fea                __vector_21
                0x0000000000002fea                __vector_15
                0x0000000000002fea                __vector_8
                0x0000000000002fea                __vector_14
                0x0000000000002fea                __vector_10
                0x0000000000002fea                __vector_16
                0x0000000000002fea                __vector_18
                0x0000000000002fea                __vector_20

.text.fabsf     0x0000000000002fee        0x4
 .text.fabsf    0x0000000000002fee        0x4 c:/program files/microchip/xc8/v3.10/avr/bin/../lib/gcc/avr/5.4.0/../../../../avr/lib/avr5\libm.a(fabsf.o)
                0x0000000000002fee                fabsf

.text._Exit     0x0000000000002ff2        0x4
 .text._Exit    0x0000000000002ff2        0x4 c:/program files/microchip/xc8/v3.10/avr/bin/../lib/gcc/avr/5.4.0/../../../../avr/lib/avr5\libc.a(_Exit.o)
                0x0000000000002ff2                _Exit

.text.__dummy_fini
                0x0000000000002ff6        0x2
 .text.__dummy_fini
                0x0000000000002ff6        0x2 c:/program files/microchip/xc8/v3.10/avr/bin/../lib/gcc/avr/5.4.0/../../../../avr/lib/avr5\libc.a(exit.o)
                0x0000000000002ff6                _fini

.text.__dummy_funcs_on_exit
                0x0000000000002ff8        0x2
 .text.__dummy_funcs_on_exit
                0x0000000000002ff8        0x2 c:/program files/microchip/xc8/v3.10/avr/bin/../lib/gcc/avr/5.4.0/../../../../avr/lib/avr5\libc.a(exit.o)
                0x0000000000002ff8                __funcs_on_exit

.text.__dummy_simulator_exit
                0x0000000000002ffa        0x2
 .text.__dummy_simulator_exit
                0x0000000000002ffa        0x2 c:/program files/microchip/xc8/v3.10/avr/bin/../lib/gcc/avr/5.4.0/../../../../avr/lib/avr5\libc.a(exit.o)
                0x0000000000002ffa                __simulator_exit

.rodata         0x0000000000800102       0x9e load address 0x0000000000002ffc
 .rodata        0x0000000000800102       0x9e build/default/debug/IMU.o

.rodata.state_table
                0x00000000008001e0       0x16 load address 0x000000000000309a
 .rodata.state_table
                0x00000000008001e0       0x16 c:/program files/microchip/xc8/v3.10/avr/bin/../lib/gcc/avr/5.4.0/../../../../avr/lib/avr5\libc.a(__printf_core.o)

.rodata.nuls.2781
                0x00000000008001f6        0x7 load address 0x00000000000030b0
 .rodata.nuls.2781
                0x00000000008001f6        0x7 c:/program files/microchip/xc8/v3.10/avr/bin/../lib/gcc/avr/5.4.0/../../../../avr/lib/avr5\libc.a(__fmt_s.o)

.rodata.nilstr.2962
                0x000000000080020f        0x6 load address 0x00000000000030b7
 .rodata.nilstr.2962
                0x000000000080020f        0x6 c:/program files/microchip/xc8/v3.10/avr/bin/../lib/gcc/avr/5.4.0/../../../../avr/lib/avr5\libc.a(__printf_core.o)
